Analyzing swipify...                                            

   info - Don't use 'BuildContext's across async gaps - lib\auth\auth_wrapper.dart:35:15 - use_build_context_synchronously
   info - Don't use 'BuildContext's across async gaps - lib\auth\auth_wrapper.dart:42:15 - use_build_context_synchronously
   info - Don't use 'BuildContext's across async gaps - lib\auth\auth_wrapper.dart:104:20 - use_build_context_synchronously
   info - 'withOpacity' is deprecated and shouldn't be used. Use .withValues() to avoid precision loss - lib\auth\auth_wrapper.dart:263:34 - deprecated_member_use
   info - 'withOpacity' is deprecated and shouldn't be used. Use .withValues() to avoid precision loss - lib\auth\auth_wrapper.dart:264:35 - deprecated_member_use
   info - 'withOpacity' is deprecated and shouldn't be used. Use .withValues() to avoid precision loss - lib\auth\auth_wrapper.dart:265:38 - deprecated_member_use
   info - 'withOpacity' is deprecated and shouldn't be used. Use .withValues() to avoid precision loss - lib\auth\auth_wrapper.dart:266:39 - deprecated_member_use
   info - 'withOpacity' is deprecated and shouldn't be used. Use .withValues() to avoid precision loss - lib\auth\auth_wrapper.dart:267:40 - deprecated_member_use
   info - 'withOpacity' is deprecated and shouldn't be used. Use .withValues() to avoid precision loss - lib\auth\auth_wrapper.dart:268:39 - deprecated_member_use
   info - 'withOpacity' is deprecated and shouldn't be used. Use .withValues() to avoid precision loss - lib\auth\auth_wrapper.dart:289:45 - deprecated_member_use
   info - 'withOpacity' is deprecated and shouldn't be used. Use .withValues() to avoid precision loss - lib\auth\auth_wrapper.dart:292:47 - deprecated_member_use
   info - 'withOpacity' is deprecated and shouldn't be used. Use .withValues() to avoid precision loss - lib\auth\auth_wrapper.dart:304:51 - deprecated_member_use
   info - 'withOpacity' is deprecated and shouldn't be used. Use .withValues() to avoid precision loss - lib\auth\auth_wrapper.dart:307:53 - deprecated_member_use
   info - 'withOpacity' is deprecated and shouldn't be used. Use .withValues() to avoid precision loss - lib\auth\auth_wrapper.dart:353:51 - deprecated_member_use
   info - 'withOpacity' is deprecated and shouldn't be used. Use .withValues() to avoid precision loss - lib\auth\auth_wrapper.dart:364:51 - deprecated_member_use
   info - 'withOpacity' is deprecated and shouldn't be used. Use .withValues() to avoid precision loss - lib\auth\auth_wrapper.dart:367:53 - deprecated_member_use
   info - 'withOpacity' is deprecated and shouldn't be used. Use .withValues() to avoid precision loss - lib\auth\auth_wrapper.dart:377:59 - deprecated_member_use
   info - 'withOpacity' is deprecated and shouldn't be used. Use .withValues() to avoid precision loss - lib\auth\auth_wrapper.dart:386:63 - deprecated_member_use
   info - 'withOpacity' is deprecated and shouldn't be used. Use .withValues() to avoid precision loss - lib\auth\auth_wrapper.dart:400:59 - deprecated_member_use
   info - 'withOpacity' is deprecated and shouldn't be used. Use .withValues() to avoid precision loss - lib\auth\auth_wrapper.dart:409:63 - deprecated_member_use
   info - 'withOpacity' is deprecated and shouldn't be used. Use .withValues() to avoid precision loss - lib\auth\auth_wrapper.dart:435:59 - deprecated_member_use
   info - 'withOpacity' is deprecated and shouldn't be used. Use .withValues() to avoid precision loss - lib\auth\auth_wrapper.dart:471:55 - deprecated_member_use
   info - 'withOpacity' is deprecated and shouldn't be used. Use .withValues() to avoid precision loss - lib\auth\auth_wrapper.dart:511:53 - deprecated_member_use
   info - 'withOpacity' is deprecated and shouldn't be used. Use .withValues() to avoid precision loss - lib\auth\auth_wrapper.dart:515:63 - deprecated_member_use
warning - Unused import: 'package:shared_preferences/shared_preferences.dart' - lib\auth\login_dialogs.dart:4:8 - unused_import
   info - Don't invoke 'print' in production code - lib\auth\login_dialogs.dart:46:7 - avoid_print
   info - Don't invoke 'print' in production code - lib\auth\login_dialogs.dart:53:7 - avoid_print
   info - Don't invoke 'print' in production code - lib\auth\login_dialogs.dart:61:7 - avoid_print
   info - Don't invoke 'print' in production code - lib\auth\login_dialogs.dart:72:7 - avoid_print
   info - Don't use 'BuildContext's across async gaps - lib\auth\login_dialogs.dart:142:21 - use_build_context_synchronously
   info - Don't use 'BuildContext's across async gaps - lib\auth\login_dialogs.dart:148:21 - use_build_context_synchronously
   info - Don't use 'BuildContext's across async gaps - lib\auth\login_dialogs.dart:154:11 - use_build_context_synchronously
   info - Don't use 'BuildContext's across async gaps - lib\auth\login_dialogs.dart:159:21 - use_build_context_synchronously
   info - Don't use 'BuildContext's across async gaps - lib\auth\login_dialogs.dart:165:11 - use_build_context_synchronously
   info - Don't invoke 'print' in production code - lib\auth\login_dialogs.dart:202:11 - avoid_print
   info - Don't invoke 'print' in production code - lib\auth\login_dialogs.dart:204:11 - avoid_print
   info - Don't invoke 'print' in production code - lib\auth\login_dialogs.dart:213:11 - avoid_print
   info - Don't invoke 'print' in production code - lib\auth\login_dialogs.dart:214:11 - avoid_print
   info - Don't invoke 'print' in production code - lib\auth\login_dialogs.dart:215:11 - avoid_print
   info - Don't invoke 'print' in production code - lib\auth\login_dialogs.dart:216:11 - avoid_print
   info - Don't invoke 'print' in production code - lib\auth\login_dialogs.dart:220:11 - avoid_print
   info - Don't invoke 'print' in production code - lib\auth\login_dialogs.dart:221:11 - avoid_print
   info - Don't invoke 'print' in production code - lib\auth\login_dialogs.dart:222:11 - avoid_print
   info - Don't invoke 'print' in production code - lib\auth\login_dialogs.dart:242:11 - avoid_print
   info - Don't invoke 'print' in production code - lib\auth\login_dialogs.dart:243:11 - avoid_print
   info - Don't invoke 'print' in production code - lib\auth\login_dialogs.dart:244:11 - avoid_print
   info - Don't invoke 'print' in production code - lib\auth\login_dialogs.dart:245:11 - avoid_print
   info - Don't invoke 'print' in production code - lib\auth\login_dialogs.dart:246:11 - avoid_print
   info - Don't use 'BuildContext's across async gaps - lib\auth\login_dialogs.dart:252:13 - use_build_context_synchronously
   info - Don't invoke 'print' in production code - lib\auth\login_dialogs.dart:276:7 - avoid_print
   info - Don't invoke 'print' in production code - lib\auth\login_dialogs.dart:281:7 - avoid_print
   info - 'withOpacity' is deprecated and shouldn't be used. Use .withValues() to avoid precision loss - lib\auth\login_dialogs.dart:369:34 - deprecated_member_use
   info - Don't invoke 'print' in production code - lib\auth\login_dialogs.dart:403:5 - avoid_print
   info - Don't invoke 'print' in production code - lib\auth\login_dialogs.dart:404:5 - avoid_print
   info - Don't invoke 'print' in production code - lib\auth\login_dialogs.dart:409:9 - avoid_print
   info - Don't invoke 'print' in production code - lib\auth\login_dialogs.dart:415:9 - avoid_print
   info - Don't invoke 'print' in production code - lib\auth\login_dialogs.dart:416:9 - avoid_print
   info - Don't invoke 'print' in production code - lib\auth\login_dialogs.dart:420:11 - avoid_print
   info - Don't invoke 'print' in production code - lib\auth\login_dialogs.dart:427:9 - avoid_print
   info - Don't invoke 'print' in production code - lib\auth\login_dialogs.dart:431:5 - avoid_print
   info - Don't invoke 'print' in production code - lib\auth\login_dialogs.dart:435:7 - avoid_print
   info - Don't invoke 'print' in production code - lib\auth\login_dialogs.dart:441:7 - avoid_print
   info - Don't invoke 'print' in production code - lib\auth\login_dialogs.dart:444:9 - avoid_print
   info - Don't invoke 'print' in production code - lib\auth\login_dialogs.dart:451:7 - avoid_print
   info - Don't invoke 'print' in production code - lib\auth\login_dialogs.dart:461:7 - avoid_print
   info - Don't invoke 'print' in production code - lib\auth\login_dialogs.dart:463:7 - avoid_print
   info - Don't invoke 'print' in production code - lib\auth\login_dialogs.dart:466:7 - avoid_print
   info - Don't invoke 'print' in production code - lib\auth\login_dialogs.dart:469:7 - avoid_print
   info - Don't invoke 'print' in production code - lib\auth\login_dialogs.dart:472:7 - avoid_print
   info - 'withOpacity' is deprecated and shouldn't be used. Use .withValues() to avoid precision loss - lib\auth\login_dialogs.dart:478:38 - deprecated_member_use
   info - 'withOpacity' is deprecated and shouldn't be used. Use .withValues() to avoid precision loss - lib\auth\login_dialogs.dart:488:33 - deprecated_member_use
   info - 'withOpacity' is deprecated and shouldn't be used. Use .withValues() to avoid precision loss - lib\auth\login_dialogs.dart:489:36 - deprecated_member_use
   info - 'withOpacity' is deprecated and shouldn't be used. Use .withValues() to avoid precision loss - lib\auth\login_dialogs.dart:490:37 - deprecated_member_use
   info - 'withOpacity' is deprecated and shouldn't be used. Use .withValues() to avoid precision loss - lib\auth\login_dialogs.dart:495:39 - deprecated_member_use
   info - 'withOpacity' is deprecated and shouldn't be used. Use .withValues() to avoid precision loss - lib\auth\login_dialogs.dart:500:39 - deprecated_member_use
   info - 'withOpacity' is deprecated and shouldn't be used. Use .withValues() to avoid precision loss - lib\auth\login_dialogs.dart:516:45 - deprecated_member_use
   info - 'withOpacity' is deprecated and shouldn't be used. Use .withValues() to avoid precision loss - lib\auth\login_dialogs.dart:548:45 - deprecated_member_use
   info - Don't invoke 'print' in production code - lib\auth\login_dialogs.dart:586:9 - avoid_print
   info - Don't invoke 'print' in production code - lib\auth\login_dialogs.dart:588:9 - avoid_print
   info - Don't invoke 'print' in production code - lib\auth\login_dialogs.dart:596:7 - avoid_print
   info - 'withOpacity' is deprecated and shouldn't be used. Use .withValues() to avoid precision loss - lib\auth\login_dialogs.dart:618:34 - deprecated_member_use
   info - 'withOpacity' is deprecated and shouldn't be used. Use .withValues() to avoid precision loss - lib\auth\login_dialogs.dart:640:43 - deprecated_member_use
   info - 'withOpacity' is deprecated and shouldn't be used. Use .withValues() to avoid precision loss - lib\auth\login_dialogs.dart:645:45 - deprecated_member_use
   info - 'withOpacity' is deprecated and shouldn't be used. Use .withValues() to avoid precision loss - lib\auth\login_dialogs.dart:651:49 - deprecated_member_use
   info - 'withOpacity' is deprecated and shouldn't be used. Use .withValues() to avoid precision loss - lib\auth\login_dialogs.dart:671:51 - deprecated_member_use
   info - 'withOpacity' is deprecated and shouldn't be used. Use .withValues() to avoid precision loss - lib\auth\login_dialogs.dart:672:52 - deprecated_member_use
   info - 'withOpacity' is deprecated and shouldn't be used. Use .withValues() to avoid precision loss - lib\auth\login_dialogs.dart:673:47 - deprecated_member_use
   info - 'withOpacity' is deprecated and shouldn't be used. Use .withValues() to avoid precision loss - lib\auth\login_dialogs.dart:674:50 - deprecated_member_use
   info - 'withOpacity' is deprecated and shouldn't be used. Use .withValues() to avoid precision loss - lib\auth\login_dialogs.dart:675:51 - deprecated_member_use
   info - 'withOpacity' is deprecated and shouldn't be used. Use .withValues() to avoid precision loss - lib\auth\login_dialogs.dart:676:46 - deprecated_member_use
   info - 'withOpacity' is deprecated and shouldn't be used. Use .withValues() to avoid precision loss - lib\auth\login_dialogs.dart:715:61 - deprecated_member_use
   info - 'withOpacity' is deprecated and shouldn't be used. Use .withValues() to avoid precision loss - lib\auth\login_dialogs.dart:727:67 - deprecated_member_use
   info - 'withOpacity' is deprecated and shouldn't be used. Use .withValues() to avoid precision loss - lib\auth\login_dialogs.dart:758:61 - deprecated_member_use
   info - 'withOpacity' is deprecated and shouldn't be used. Use .withValues() to avoid precision loss - lib\auth\login_dialogs.dart:797:61 - deprecated_member_use
   info - 'withOpacity' is deprecated and shouldn't be used. Use .withValues() to avoid precision loss - lib\auth\login_dialogs.dart:800:63 - deprecated_member_use
   info - 'withOpacity' is deprecated and shouldn't be used. Use .withValues() to avoid precision loss - lib\auth\login_dialogs.dart:817:69 - deprecated_member_use
   info - 'withOpacity' is deprecated and shouldn't be used. Use .withValues() to avoid precision loss - lib\auth\login_dialogs.dart:842:67 - deprecated_member_use
   info - 'withOpacity' is deprecated and shouldn't be used. Use .withValues() to avoid precision loss - lib\auth\login_dialogs.dart:1009:34 - deprecated_member_use
   info - 'withOpacity' is deprecated and shouldn't be used. Use .withValues() to avoid precision loss - lib\auth\login_dialogs.dart:1031:43 - deprecated_member_use
   info - 'withOpacity' is deprecated and shouldn't be used. Use .withValues() to avoid precision loss - lib\auth\login_dialogs.dart:1036:45 - deprecated_member_use
   info - 'withOpacity' is deprecated and shouldn't be used. Use .withValues() to avoid precision loss - lib\auth\login_dialogs.dart:1042:44 - deprecated_member_use
   info - 'withOpacity' is deprecated and shouldn't be used. Use .withValues() to avoid precision loss - lib\auth\login_dialogs.dart:1062:47 - deprecated_member_use
   info - 'withOpacity' is deprecated and shouldn't be used. Use .withValues() to avoid precision loss - lib\auth\login_dialogs.dart:1063:49 - deprecated_member_use
   info - 'withOpacity' is deprecated and shouldn't be used. Use .withValues() to avoid precision loss - lib\auth\login_dialogs.dart:1064:52 - deprecated_member_use
   info - 'withOpacity' is deprecated and shouldn't be used. Use .withValues() to avoid precision loss - lib\auth\login_dialogs.dart:1065:51 - deprecated_member_use
   info - 'withOpacity' is deprecated and shouldn't be used. Use .withValues() to avoid precision loss - lib\auth\login_dialogs.dart:1066:51 - deprecated_member_use
   info - 'withOpacity' is deprecated and shouldn't be used. Use .withValues() to avoid precision loss - lib\auth\login_dialogs.dart:1067:50 - deprecated_member_use
   info - 'withOpacity' is deprecated and shouldn't be used. Use .withValues() to avoid precision loss - lib\auth\login_dialogs.dart:1106:61 - deprecated_member_use
   info - 'withOpacity' is deprecated and shouldn't be used. Use .withValues() to avoid precision loss - lib\auth\login_dialogs.dart:1121:67 - deprecated_member_use
   info - 'withOpacity' is deprecated and shouldn't be used. Use .withValues() to avoid precision loss - lib\auth\login_dialogs.dart:1146:63 - deprecated_member_use
   info - 'withOpacity' is deprecated and shouldn't be used. Use .withValues() to avoid precision loss - lib\auth\login_dialogs.dart:1155:63 - deprecated_member_use
   info - 'withOpacity' is deprecated and shouldn't be used. Use .withValues() to avoid precision loss - lib\auth\login_dialogs.dart:1163:67 - deprecated_member_use
   info - 'withOpacity' is deprecated and shouldn't be used. Use .withValues() to avoid precision loss - lib\auth\login_dialogs.dart:1182:63 - deprecated_member_use
   info - 'withOpacity' is deprecated and shouldn't be used. Use .withValues() to avoid precision loss - lib\auth\login_dialogs.dart:1191:65 - deprecated_member_use
   info - 'withOpacity' is deprecated and shouldn't be used. Use .withValues() to avoid precision loss - lib\auth\login_dialogs.dart:1390:67 - deprecated_member_use
   info - 'withOpacity' is deprecated and shouldn't be used. Use .withValues() to avoid precision loss - lib\auth\login_dialogs.dart:1515:34 - deprecated_member_use
   info - 'withOpacity' is deprecated and shouldn't be used. Use .withValues() to avoid precision loss - lib\auth\login_dialogs.dart:1537:43 - deprecated_member_use
   info - 'withOpacity' is deprecated and shouldn't be used. Use .withValues() to avoid precision loss - lib\auth\login_dialogs.dart:1542:45 - deprecated_member_use
   info - 'withOpacity' is deprecated and shouldn't be used. Use .withValues() to avoid precision loss - lib\auth\login_dialogs.dart:1548:49 - deprecated_member_use
   info - 'withOpacity' is deprecated and shouldn't be used. Use .withValues() to avoid precision loss - lib\auth\login_dialogs.dart:1568:52 - deprecated_member_use
   info - 'withOpacity' is deprecated and shouldn't be used. Use .withValues() to avoid precision loss - lib\auth\login_dialogs.dart:1569:51 - deprecated_member_use
   info - 'withOpacity' is deprecated and shouldn't be used. Use .withValues() to avoid precision loss - lib\auth\login_dialogs.dart:1570:47 - deprecated_member_use
   info - 'withOpacity' is deprecated and shouldn't be used. Use .withValues() to avoid precision loss - lib\auth\login_dialogs.dart:1571:50 - deprecated_member_use
   info - 'withOpacity' is deprecated and shouldn't be used. Use .withValues() to avoid precision loss - lib\auth\login_dialogs.dart:1572:51 - deprecated_member_use
   info - 'withOpacity' is deprecated and shouldn't be used. Use .withValues() to avoid precision loss - lib\auth\login_dialogs.dart:1573:46 - deprecated_member_use
   info - 'withOpacity' is deprecated and shouldn't be used. Use .withValues() to avoid precision loss - lib\auth\login_dialogs.dart:1612:61 - deprecated_member_use
   info - 'withOpacity' is deprecated and shouldn't be used. Use .withValues() to avoid precision loss - lib\auth\login_dialogs.dart:1627:67 - deprecated_member_use
   info - 'withOpacity' is deprecated and shouldn't be used. Use .withValues() to avoid precision loss - lib\auth\login_dialogs.dart:1744:67 - deprecated_member_use
   info - 'withOpacity' is deprecated and shouldn't be used. Use .withValues() to avoid precision loss - lib\auth\login_dialogs.dart:1834:34 - deprecated_member_use
   info - 'withOpacity' is deprecated and shouldn't be used. Use .withValues() to avoid precision loss - lib\auth\login_dialogs.dart:1855:39 - deprecated_member_use
   info - 'withOpacity' is deprecated and shouldn't be used. Use .withValues() to avoid precision loss - lib\auth\login_dialogs.dart:1860:41 - deprecated_member_use
   info - 'withOpacity' is deprecated and shouldn't be used. Use .withValues() to avoid precision loss - lib\auth\login_dialogs.dart:1866:39 - deprecated_member_use
   info - 'withOpacity' is deprecated and shouldn't be used. Use .withValues() to avoid precision loss - lib\auth\login_dialogs.dart:1886:42 - deprecated_member_use
   info - 'withOpacity' is deprecated and shouldn't be used. Use .withValues() to avoid precision loss - lib\auth\login_dialogs.dart:1887:43 - deprecated_member_use
   info - 'withOpacity' is deprecated and shouldn't be used. Use .withValues() to avoid precision loss - lib\auth\login_dialogs.dart:1888:46 - deprecated_member_use
   info - 'withOpacity' is deprecated and shouldn't be used. Use .withValues() to avoid precision loss - lib\auth\login_dialogs.dart:1889:47 - deprecated_member_use
   info - 'withOpacity' is deprecated and shouldn't be used. Use .withValues() to avoid precision loss - lib\auth\login_dialogs.dart:1890:48 - deprecated_member_use
   info - 'withOpacity' is deprecated and shouldn't be used. Use .withValues() to avoid precision loss - lib\auth\login_dialogs.dart:1891:47 - deprecated_member_use
   info - 'withOpacity' is deprecated and shouldn't be used. Use .withValues() to avoid precision loss - lib\auth\login_dialogs.dart:1910:49 - deprecated_member_use
   info - 'withOpacity' is deprecated and shouldn't be used. Use .withValues() to avoid precision loss - lib\auth\login_dialogs.dart:1913:51 - deprecated_member_use
   info - 'withOpacity' is deprecated and shouldn't be used. Use .withValues() to avoid precision loss - lib\auth\login_dialogs.dart:1945:51 - deprecated_member_use
   info - 'withOpacity' is deprecated and shouldn't be used. Use .withValues() to avoid precision loss - lib\auth\login_dialogs.dart:1970:49 - deprecated_member_use
   info - 'withOpacity' is deprecated and shouldn't be used. Use .withValues() to avoid precision loss - lib\auth\login_dialogs.dart:1973:51 - deprecated_member_use
   info - 'withOpacity' is deprecated and shouldn't be used. Use .withValues() to avoid precision loss - lib\auth\login_dialogs.dart:1983:57 - deprecated_member_use
   info - 'withOpacity' is deprecated and shouldn't be used. Use .withValues() to avoid precision loss - lib\auth\login_dialogs.dart:1992:61 - deprecated_member_use
   info - 'withOpacity' is deprecated and shouldn't be used. Use .withValues() to avoid precision loss - lib\auth\login_dialogs.dart:2006:57 - deprecated_member_use
   info - 'withOpacity' is deprecated and shouldn't be used. Use .withValues() to avoid precision loss - lib\auth\login_dialogs.dart:2015:61 - deprecated_member_use
warning - Dead code - lib\auth\login_dialogs.dart:2038:65 - dead_code
   info - 'withOpacity' is deprecated and shouldn't be used. Use .withValues() to avoid precision loss - lib\auth\login_dialogs.dart:2044:61 - deprecated_member_use
warning - Dead code - lib\auth\login_dialogs.dart:2046:57 - dead_code
   info - Don't invoke 'print' in production code - lib\auth\login_dialogs.dart:2107:35 - avoid_print
   info - Don't invoke 'print' in production code - lib\auth\login_dialogs.dart:2108:35 - avoid_print
   info - Don't invoke 'print' in production code - lib\auth\login_dialogs.dart:2109:35 - avoid_print
   info - Don't invoke 'print' in production code - lib\auth\login_dialogs.dart:2113:37 - avoid_print
   info - Don't use 'BuildContext's across async gaps - lib\auth\login_dialogs.dart:2115:39 - use_build_context_synchronously
   info - Don't invoke 'print' in production code - lib\auth\login_dialogs.dart:2120:37 - avoid_print
   info - Don't invoke 'print' in production code - lib\auth\login_dialogs.dart:2127:37 - avoid_print
   info - Don't invoke 'print' in production code - lib\auth\login_dialogs.dart:2135:35 - avoid_print
   info - Don't use 'BuildContext's across async gaps - lib\auth\login_dialogs.dart:2138:39 - use_build_context_synchronously
   info - Don't use 'BuildContext's across async gaps - lib\auth\login_dialogs.dart:2144:39 - use_build_context_synchronously
   info - 'withOpacity' is deprecated and shouldn't be used. Use .withValues() to avoid precision loss - lib\auth\login_dialogs.dart:2155:55 - deprecated_member_use
   info - 'withOpacity' is deprecated and shouldn't be used. Use .withValues() to avoid precision loss - lib\auth\login_dialogs.dart:2159:65 - deprecated_member_use
   info - 'withOpacity' is deprecated and shouldn't be used. Use .withValues() to avoid precision loss - lib\auth\login_dialogs.dart:2189:34 - deprecated_member_use
   info - 'withOpacity' is deprecated and shouldn't be used. Use .withValues() to avoid precision loss - lib\auth\login_dialogs.dart:2206:39 - deprecated_member_use
   info - 'withOpacity' is deprecated and shouldn't be used. Use .withValues() to avoid precision loss - lib\auth\login_dialogs.dart:2211:41 - deprecated_member_use
   info - 'withOpacity' is deprecated and shouldn't be used. Use .withValues() to avoid precision loss - lib\auth\login_dialogs.dart:2217:39 - deprecated_member_use
   info - 'withOpacity' is deprecated and shouldn't be used. Use .withValues() to avoid precision loss - lib\auth\login_dialogs.dart:2230:34 - deprecated_member_use
   info - 'withOpacity' is deprecated and shouldn't be used. Use .withValues() to avoid precision loss - lib\auth\login_dialogs.dart:2231:35 - deprecated_member_use
   info - 'withOpacity' is deprecated and shouldn't be used. Use .withValues() to avoid precision loss - lib\auth\login_dialogs.dart:2232:38 - deprecated_member_use
   info - 'withOpacity' is deprecated and shouldn't be used. Use .withValues() to avoid precision loss - lib\auth\login_dialogs.dart:2233:39 - deprecated_member_use
   info - 'withOpacity' is deprecated and shouldn't be used. Use .withValues() to avoid precision loss - lib\auth\login_dialogs.dart:2234:40 - deprecated_member_use
   info - 'withOpacity' is deprecated and shouldn't be used. Use .withValues() to avoid precision loss - lib\auth\login_dialogs.dart:2235:39 - deprecated_member_use
   info - 'withOpacity' is deprecated and shouldn't be used. Use .withValues() to avoid precision loss - lib\auth\login_dialogs.dart:2252:51 - deprecated_member_use
   info - 'withOpacity' is deprecated and shouldn't be used. Use .withValues() to avoid precision loss - lib\auth\login_dialogs.dart:2255:53 - deprecated_member_use
   info - 'withOpacity' is deprecated and shouldn't be used. Use .withValues() to avoid precision loss - lib\auth\login_dialogs.dart:2286:47 - deprecated_member_use
   info - 'withOpacity' is deprecated and shouldn't be used. Use .withValues() to avoid precision loss - lib\auth\login_dialogs.dart:2310:59 - deprecated_member_use
   info - Don't invoke 'print' in production code - lib\auth\login_dialogs.dart:2315:35 - avoid_print
   info - Don't invoke 'print' in production code - lib\auth\login_dialogs.dart:2316:35 - avoid_print
   info - Don't invoke 'print' in production code - lib\auth\login_dialogs.dart:2320:37 - avoid_print
   info - Don't use 'BuildContext's across async gaps - lib\auth\login_dialogs.dart:2322:39 - use_build_context_synchronously
   info - Don't invoke 'print' in production code - lib\auth\login_dialogs.dart:2328:35 - avoid_print
   info - Don't use 'BuildContext's across async gaps - lib\auth\login_dialogs.dart:2331:39 - use_build_context_synchronously
   info - Don't use 'BuildContext's across async gaps - lib\auth\login_dialogs.dart:2337:39 - use_build_context_synchronously
   info - 'withOpacity' is deprecated and shouldn't be used. Use .withValues() to avoid precision loss - lib\auth\login_dialogs.dart:2367:53 - deprecated_member_use
   info - 'withOpacity' is deprecated and shouldn't be used. Use .withValues() to avoid precision loss - lib\auth\login_dialogs.dart:2385:43 - deprecated_member_use
   info - 'withOpacity' is deprecated and shouldn't be used. Use .withValues() to avoid precision loss - lib\auth\login_dialogs.dart:2400:49 - deprecated_member_use
   info - 'withOpacity' is deprecated and shouldn't be used. Use .withValues() to avoid precision loss - lib\auth\login_dialogs.dart:2439:33 - deprecated_member_use
   info - 'withOpacity' is deprecated and shouldn't be used. Use .withValues() to avoid precision loss - lib\auth\login_dialogs.dart:2448:33 - deprecated_member_use
   info - 'withOpacity' is deprecated and shouldn't be used. Use .withValues() to avoid precision loss - lib\auth\login_dialogs.dart:2456:37 - deprecated_member_use
   info - 'withOpacity' is deprecated and shouldn't be used. Use .withValues() to avoid precision loss - lib\auth\login_dialogs.dart:2480:33 - deprecated_member_use
   info - 'withOpacity' is deprecated and shouldn't be used. Use .withValues() to avoid precision loss - lib\auth\login_dialogs.dart:2489:41 - deprecated_member_use
   info - 'withOpacity' is deprecated and shouldn't be used. Use .withValues() to avoid precision loss - lib\auth\login_dialogs.dart:2533:58 - deprecated_member_use
   info - 'withOpacity' is deprecated and shouldn't be used. Use .withValues() to avoid precision loss - lib\auth\login_dialogs.dart:2536:60 - deprecated_member_use
   info - 'withOpacity' is deprecated and shouldn't be used. Use .withValues() to avoid precision loss - lib\auth\login_dialogs.dart:2553:58 - deprecated_member_use
   info - 'withOpacity' is deprecated and shouldn't be used. Use .withValues() to avoid precision loss - lib\auth\login_dialogs.dart:2576:29 - deprecated_member_use
   info - 'withOpacity' is deprecated and shouldn't be used. Use .withValues() to avoid precision loss - lib\auth\login_dialogs.dart:2579:31 - deprecated_member_use
   info - 'withOpacity' is deprecated and shouldn't be used. Use .withValues() to avoid precision loss - lib\auth\login_dialogs.dart:2590:35 - deprecated_member_use
   info - 'withOpacity' is deprecated and shouldn't be used. Use .withValues() to avoid precision loss - lib\auth\login_dialogs.dart:2643:34 - deprecated_member_use
   info - 'withOpacity' is deprecated and shouldn't be used. Use .withValues() to avoid precision loss - lib\auth\login_dialogs.dart:2662:43 - deprecated_member_use
   info - 'withOpacity' is deprecated and shouldn't be used. Use .withValues() to avoid precision loss - lib\auth\login_dialogs.dart:2667:45 - deprecated_member_use
   info - 'withOpacity' is deprecated and shouldn't be used. Use .withValues() to avoid precision loss - lib\auth\login_dialogs.dart:2673:43 - deprecated_member_use
   info - 'withOpacity' is deprecated and shouldn't be used. Use .withValues() to avoid precision loss - lib\auth\login_dialogs.dart:2693:46 - deprecated_member_use
   info - 'withOpacity' is deprecated and shouldn't be used. Use .withValues() to avoid precision loss - lib\auth\login_dialogs.dart:2694:47 - deprecated_member_use
   info - 'withOpacity' is deprecated and shouldn't be used. Use .withValues() to avoid precision loss - lib\auth\login_dialogs.dart:2695:50 - deprecated_member_use
   info - 'withOpacity' is deprecated and shouldn't be used. Use .withValues() to avoid precision loss - lib\auth\login_dialogs.dart:2696:51 - deprecated_member_use
   info - 'withOpacity' is deprecated and shouldn't be used. Use .withValues() to avoid precision loss - lib\auth\login_dialogs.dart:2697:52 - deprecated_member_use
   info - 'withOpacity' is deprecated and shouldn't be used. Use .withValues() to avoid precision loss - lib\auth\login_dialogs.dart:2698:51 - deprecated_member_use
   info - 'withOpacity' is deprecated and shouldn't be used. Use .withValues() to avoid precision loss - lib\auth\login_dialogs.dart:2719:55 - deprecated_member_use
   info - 'withOpacity' is deprecated and shouldn't be used. Use .withValues() to avoid precision loss - lib\auth\login_dialogs.dart:2731:61 - deprecated_member_use
   info - 'withOpacity' is deprecated and shouldn't be used. Use .withValues() to avoid precision loss - lib\auth\login_dialogs.dart:2745:53 - deprecated_member_use
   info - 'withOpacity' is deprecated and shouldn't be used. Use .withValues() to avoid precision loss - lib\auth\login_dialogs.dart:2748:55 - deprecated_member_use
   info - 'withOpacity' is deprecated and shouldn't be used. Use .withValues() to avoid precision loss - lib\auth\login_dialogs.dart:2779:53 - deprecated_member_use
   info - 'withOpacity' is deprecated and shouldn't be used. Use .withValues() to avoid precision loss - lib\auth\login_dialogs.dart:2802:55 - deprecated_member_use
   info - 'withOpacity' is deprecated and shouldn't be used. Use .withValues() to avoid precision loss - lib\auth\login_dialogs.dart:2807:57 - deprecated_member_use
   info - 'withOpacity' is deprecated and shouldn't be used. Use .withValues() to avoid precision loss - lib\auth\login_dialogs.dart:2811:57 - deprecated_member_use
   info - 'withOpacity' is deprecated and shouldn't be used. Use .withValues() to avoid precision loss - lib\auth\login_dialogs.dart:2818:57 - deprecated_member_use
   info - 'withOpacity' is deprecated and shouldn't be used. Use .withValues() to avoid precision loss - lib\auth\login_dialogs.dart:2849:61 - deprecated_member_use
   info - Don't invoke 'print' in production code - lib\auth\login_page.dart:245:5 - avoid_print
   info - Don't invoke 'print' in production code - lib\auth\login_page.dart:246:5 - avoid_print
   info - Don't invoke 'print' in production code - lib\auth\login_page.dart:247:5 - avoid_print
   info - Don't invoke 'print' in production code - lib\auth\login_page.dart:255:5 - avoid_print
   info - Don't invoke 'print' in production code - lib\auth\login_page.dart:260:5 - avoid_print
   info - Don't invoke 'print' in production code - lib\auth\login_page.dart:267:9 - avoid_print
   info - Don't invoke 'print' in production code - lib\auth\login_page.dart:280:11 - avoid_print
   info - Don't invoke 'print' in production code - lib\auth\login_page.dart:287:11 - avoid_print
   info - Don't invoke 'print' in production code - lib\auth\login_page.dart:290:9 - avoid_print
   info - Don't invoke 'print' in production code - lib\auth\login_page.dart:293:7 - avoid_print
   info - 'withOpacity' is deprecated and shouldn't be used. Use .withValues() to avoid precision loss - lib\auth\login_page.dart:357:29 - deprecated_member_use
   info - 'withOpacity' is deprecated and shouldn't be used. Use .withValues() to avoid precision loss - lib\auth\login_page.dart:358:27 - deprecated_member_use
   info - 'withOpacity' is deprecated and shouldn't be used. Use .withValues() to avoid precision loss - lib\auth\login_page.dart:359:28 - deprecated_member_use
   info - 'withOpacity' is deprecated and shouldn't be used. Use .withValues() to avoid precision loss - lib\auth\login_page.dart:360:30 - deprecated_member_use
   info - 'withOpacity' is deprecated and shouldn't be used. Use .withValues() to avoid precision loss - lib\auth\login_page.dart:364:27 - deprecated_member_use
   info - 'withOpacity' is deprecated and shouldn't be used. Use .withValues() to avoid precision loss - lib\auth\login_page.dart:365:28 - deprecated_member_use
   info - 'withOpacity' is deprecated and shouldn't be used. Use .withValues() to avoid precision loss - lib\auth\login_page.dart:366:30 - deprecated_member_use
   info - 'withOpacity' is deprecated and shouldn't be used. Use .withValues() to avoid precision loss - lib\auth\login_page.dart:367:29 - deprecated_member_use
   info - 'withOpacity' is deprecated and shouldn't be used. Use .withValues() to avoid precision loss - lib\auth\login_page.dart:371:28 - deprecated_member_use
   info - 'withOpacity' is deprecated and shouldn't be used. Use .withValues() to avoid precision loss - lib\auth\login_page.dart:372:30 - deprecated_member_use
   info - 'withOpacity' is deprecated and shouldn't be used. Use .withValues() to avoid precision loss - lib\auth\login_page.dart:373:29 - deprecated_member_use
   info - 'withOpacity' is deprecated and shouldn't be used. Use .withValues() to avoid precision loss - lib\auth\login_page.dart:374:27 - deprecated_member_use
   info - 'withOpacity' is deprecated and shouldn't be used. Use .withValues() to avoid precision loss - lib\auth\login_page.dart:378:30 - deprecated_member_use
   info - 'withOpacity' is deprecated and shouldn't be used. Use .withValues() to avoid precision loss - lib\auth\login_page.dart:379:29 - deprecated_member_use
   info - 'withOpacity' is deprecated and shouldn't be used. Use .withValues() to avoid precision loss - lib\auth\login_page.dart:380:27 - deprecated_member_use
   info - 'withOpacity' is deprecated and shouldn't be used. Use .withValues() to avoid precision loss - lib\auth\login_page.dart:381:28 - deprecated_member_use
   info - 'withOpacity' is deprecated and shouldn't be used. Use .withValues() to avoid precision loss - lib\auth\login_page.dart:403:30 - deprecated_member_use
   info - 'withOpacity' is deprecated and shouldn't be used. Use .withValues() to avoid precision loss - lib\auth\login_page.dart:415:32 - deprecated_member_use
   info - 'withOpacity' is deprecated and shouldn't be used. Use .withValues() to avoid precision loss - lib\auth\login_page.dart:541:32 - deprecated_member_use
   info - 'withOpacity' is deprecated and shouldn't be used. Use .withValues() to avoid precision loss - lib\auth\login_page.dart:566:61 - deprecated_member_use
   info - 'withOpacity' is deprecated and shouldn't be used. Use .withValues() to avoid precision loss - lib\auth\login_page.dart:567:64 - deprecated_member_use
   info - 'withOpacity' is deprecated and shouldn't be used. Use .withValues() to avoid precision loss - lib\auth\login_page.dart:1071:37 - deprecated_member_use
   info - 'withOpacity' is deprecated and shouldn't be used. Use .withValues() to avoid precision loss - lib\auth\login_page.dart:1072:37 - deprecated_member_use
   info - 'withOpacity' is deprecated and shouldn't be used. Use .withValues() to avoid precision loss - lib\auth\login_page.dart:1078:39 - deprecated_member_use
   info - 'withOpacity' is deprecated and shouldn't be used. Use .withValues() to avoid precision loss - lib\auth\login_page.dart:1084:44 - deprecated_member_use
   info - 'withOpacity' is deprecated and shouldn't be used. Use .withValues() to avoid precision loss - lib\auth\login_page.dart:1089:39 - deprecated_member_use
   info - 'withOpacity' is deprecated and shouldn't be used. Use .withValues() to avoid precision loss - lib\auth\login_page.dart:1235:45 - deprecated_member_use
   info - 'withOpacity' is deprecated and shouldn't be used. Use .withValues() to avoid precision loss - lib\auth\login_page.dart:1236:45 - deprecated_member_use
   info - 'withOpacity' is deprecated and shouldn't be used. Use .withValues() to avoid precision loss - lib\auth\login_page.dart:1237:45 - deprecated_member_use
   info - 'withOpacity' is deprecated and shouldn't be used. Use .withValues() to avoid precision loss - lib\auth\login_page.dart:1244:45 - deprecated_member_use
   info - 'withOpacity' is deprecated and shouldn't be used. Use .withValues() to avoid precision loss - lib\auth\login_page.dart:1250:44 - deprecated_member_use
   info - 'withOpacity' is deprecated and shouldn't be used. Use .withValues() to avoid precision loss - lib\auth\login_page.dart:1255:45 - deprecated_member_use
   info - 'withOpacity' is deprecated and shouldn't be used. Use .withValues() to avoid precision loss - lib\auth\login_page.dart:1289:53 - deprecated_member_use
warning - Unused import: 'pages/splash.dart' - lib\main.dart:14:8 - unused_import
warning - The declaration '_cardW' isn't referenced - lib\pages\card_stack.dart:11:14 - unused_element
warning - The declaration '_cardH' isn't referenced - lib\pages\card_stack.dart:12:14 - unused_element
warning - The value of the field '_buttonSwipeDir' isn't used - lib\pages\card_stack.dart:48:10 - unused_field
warning - The member 'clearListeners' can only be used within instance members of subclasses of 'AnimationLocalListenersMixin' - lib\pages\card_stack.dart:423:21 - invalid_use_of_protected_member
warning - The member 'clearListeners' can only be used within instance members of subclasses of 'AnimationLocalListenersMixin' - lib\pages\card_stack.dart:458:21 - invalid_use_of_protected_member
   info - 'withOpacity' is deprecated and shouldn't be used. Use .withValues() to avoid precision loss - lib\pages\card_stack.dart:577:37 - deprecated_member_use
   info - 'withOpacity' is deprecated and shouldn't be used. Use .withValues() to avoid precision loss - lib\pages\card_stack.dart:600:24 - deprecated_member_use
   info - 'withOpacity' is deprecated and shouldn't be used. Use .withValues() to avoid precision loss - lib\pages\card_stack.dart:601:43 - deprecated_member_use
   info - 'withOpacity' is deprecated and shouldn't be used. Use .withValues() to avoid precision loss - lib\pages\card_stack.dart:647:34 - deprecated_member_use
   info - 'withOpacity' is deprecated and shouldn't be used. Use .withValues() to avoid precision loss - lib\pages\card_stack.dart:648:34 - deprecated_member_use
   info - 'withOpacity' is deprecated and shouldn't be used. Use .withValues() to avoid precision loss - lib\pages\card_stack.dart:663:39 - deprecated_member_use
   info - 'withOpacity' is deprecated and shouldn't be used. Use .withValues() to avoid precision loss - lib\pages\card_stack.dart:665:58 - deprecated_member_use
   info - 'withOpacity' is deprecated and shouldn't be used. Use .withValues() to avoid precision loss - lib\pages\card_stack.dart:719:45 - deprecated_member_use
   info - 'withOpacity' is deprecated and shouldn't be used. Use .withValues() to avoid precision loss - lib\pages\card_stack.dart:720:64 - deprecated_member_use
   info - 'withOpacity' is deprecated and shouldn't be used. Use .withValues() to avoid precision loss - lib\pages\card_stack.dart:727:42 - deprecated_member_use
   info - 'withOpacity' is deprecated and shouldn't be used. Use .withValues() to avoid precision loss - lib\pages\card_stack.dart:728:61 - deprecated_member_use
   info - 'withOpacity' is deprecated and shouldn't be used. Use .withValues() to avoid precision loss - lib\pages\card_stack.dart:795:38 - deprecated_member_use
   info - 'withOpacity' is deprecated and shouldn't be used. Use .withValues() to avoid precision loss - lib\pages\card_stack.dart:796:57 - deprecated_member_use
   info - 'withOpacity' is deprecated and shouldn't be used. Use .withValues() to avoid precision loss - lib\pages\card_stack.dart:809:38 - deprecated_member_use
   info - 'withOpacity' is deprecated and shouldn't be used. Use .withValues() to avoid precision loss - lib\pages\card_stack.dart:820:45 - deprecated_member_use
   info - 'scale' is deprecated and shouldn't be used. Use scaleByVector3, scaleByVector4, or scaleByDouble instead - lib\pages\card_stack.dart:899:21 - deprecated_member_use
   info - 'withOpacity' is deprecated and shouldn't be used. Use .withValues() to avoid precision loss - lib\pages\card_stack.dart:957:33 - deprecated_member_use
warning - The member 'clearListeners' can only be used within instance members of subclasses of 'AnimationLocalListenersMixin' - lib\pages\card_stack.dart:992:33 - invalid_use_of_protected_member
warning - The member 'clearListeners' can only be used within instance members of subclasses of 'AnimationLocalListenersMixin' - lib\pages\card_stack.dart:1026:33 - invalid_use_of_protected_member
warning - The member 'clearListeners' can only be used within instance members of subclasses of 'AnimationLocalListenersMixin' - lib\pages\card_stack.dart:1040:37 - invalid_use_of_protected_member
   info - 'scale' is deprecated and shouldn't be used. Use scaleByVector3, scaleByVector4, or scaleByDouble instead - lib\pages\card_stack.dart:1065:21 - deprecated_member_use
   info - 'withOpacity' is deprecated and shouldn't be used. Use .withValues() to avoid precision loss - lib\pages\card_stack.dart:1088:38 - deprecated_member_use
   info - 'withOpacity' is deprecated and shouldn't be used. Use .withValues() to avoid precision loss - lib\pages\card_stack.dart:1094:30 - deprecated_member_use
   info - 'withOpacity' is deprecated and shouldn't be used. Use .withValues() to avoid precision loss - lib\pages\card_stack.dart:1096:34 - deprecated_member_use
   info - 'withOpacity' is deprecated and shouldn't be used. Use .withValues() to avoid precision loss - lib\pages\card_stack.dart:1105:37 - deprecated_member_use
   info - 'withOpacity' is deprecated and shouldn't be used. Use .withValues() to avoid precision loss - lib\pages\card_stack.dart:1135:37 - deprecated_member_use
   info - 'withOpacity' is deprecated and shouldn't be used. Use .withValues() to avoid precision loss - lib\pages\card_stack.dart:1153:32 - deprecated_member_use
   info - 'withOpacity' is deprecated and shouldn't be used. Use .withValues() to avoid precision loss - lib\pages\card_stack.dart:1155:36 - deprecated_member_use
   info - 'withOpacity' is deprecated and shouldn't be used. Use .withValues() to avoid precision loss - lib\pages\card_stack.dart:1161:40 - deprecated_member_use
warning - The value of the local variable 'sh' isn't used - lib\pages\card_stack.dart:1345:11 - unused_local_variable
   info - 'withOpacity' is deprecated and shouldn't be used. Use .withValues() to avoid precision loss - lib\pages\card_stack.dart:1401:49 - deprecated_member_use
   info - 'withOpacity' is deprecated and shouldn't be used. Use .withValues() to avoid precision loss - lib\pages\card_stack.dart:1410:51 - deprecated_member_use
   info - 'withOpacity' is deprecated and shouldn't be used. Use .withValues() to avoid precision loss - lib\pages\card_stack.dart:1413:53 - deprecated_member_use
   info - 'withOpacity' is deprecated and shouldn't be used. Use .withValues() to avoid precision loss - lib\pages\card_stack.dart:1424:53 - deprecated_member_use
   info - 'withOpacity' is deprecated and shouldn't be used. Use .withValues() to avoid precision loss - lib\pages\card_stack.dart:1439:51 - deprecated_member_use
   info - Unnecessary braces in a string interpolation - lib\pages\card_stack.dart:1445:54 - unnecessary_brace_in_string_interps
   info - 'withOpacity' is deprecated and shouldn't be used. Use .withValues() to avoid precision loss - lib\pages\card_stack.dart:1490:55 - deprecated_member_use
   info - 'withOpacity' is deprecated and shouldn't be used. Use .withValues() to avoid precision loss - lib\pages\card_stack.dart:1549:51 - deprecated_member_use
   info - 'withOpacity' is deprecated and shouldn't be used. Use .withValues() to avoid precision loss - lib\pages\card_stack.dart:1561:49 - deprecated_member_use
   info - 'withOpacity' is deprecated and shouldn't be used. Use .withValues() to avoid precision loss - lib\pages\card_stack.dart:1587:51 - deprecated_member_use
   info - 'withOpacity' is deprecated and shouldn't be used. Use .withValues() to avoid precision loss - lib\pages\card_stack.dart:1594:51 - deprecated_member_use
   info - 'withOpacity' is deprecated and shouldn't be used. Use .withValues() to avoid precision loss - lib\pages\card_stack.dart:1618:46 - deprecated_member_use
   info - 'withOpacity' is deprecated and shouldn't be used. Use .withValues() to avoid precision loss - lib\pages\card_stack.dart:1645:47 - deprecated_member_use
   info - 'withOpacity' is deprecated and shouldn't be used. Use .withValues() to avoid precision loss - lib\pages\card_stack.dart:1679:33 - deprecated_member_use
   info - 'withOpacity' is deprecated and shouldn't be used. Use .withValues() to avoid precision loss - lib\pages\card_stack.dart:1681:37 - deprecated_member_use
   info - 'withOpacity' is deprecated and shouldn't be used. Use .withValues() to avoid precision loss - lib\pages\card_stack.dart:1688:30 - deprecated_member_use
   info - 'withOpacity' is deprecated and shouldn't be used. Use .withValues() to avoid precision loss - lib\pages\card_stack.dart:1689:49 - deprecated_member_use
   info - 'withOpacity' is deprecated and shouldn't be used. Use .withValues() to avoid precision loss - lib\pages\card_stack.dart:1712:22 - deprecated_member_use
   info - 'withOpacity' is deprecated and shouldn't be used. Use .withValues() to avoid precision loss - lib\pages\card_stack.dart:1714:41 - deprecated_member_use
warning - The declaration '_MetaPill' isn't referenced - lib\pages\card_stack.dart:1730:7 - unused_element
   info - 'withOpacity' is deprecated and shouldn't be used. Use .withValues() to avoid precision loss - lib\pages\card_stack.dart:1740:22 - deprecated_member_use
   info - 'withOpacity' is deprecated and shouldn't be used. Use .withValues() to avoid precision loss - lib\pages\card_stack.dart:1742:41 - deprecated_member_use
   info - 'withOpacity' is deprecated and shouldn't be used. Use .withValues() to avoid precision loss - lib\pages\card_stack.dart:1748:24 - deprecated_member_use
   info - 'withOpacity' is deprecated and shouldn't be used. Use .withValues() to avoid precision loss - lib\pages\card_stack.dart:1836:24 - deprecated_member_use
   info - 'withOpacity' is deprecated and shouldn't be used. Use .withValues() to avoid precision loss - lib\pages\card_stack.dart:1848:34 - deprecated_member_use
   info - 'withOpacity' is deprecated and shouldn't be used. Use .withValues() to avoid precision loss - lib\pages\card_stack.dart:1850:36 - deprecated_member_use
   info - 'withOpacity' is deprecated and shouldn't be used. Use .withValues() to avoid precision loss - lib\pages\card_stack.dart:1861:34 - deprecated_member_use
   info - 'withOpacity' is deprecated and shouldn't be used. Use .withValues() to avoid precision loss - lib\pages\card_stack.dart:1864:38 - deprecated_member_use
   info - 'withOpacity' is deprecated and shouldn't be used. Use .withValues() to avoid precision loss - lib\pages\card_stack.dart:1893:47 - deprecated_member_use
   info - 'withOpacity' is deprecated and shouldn't be used. Use .withValues() to avoid precision loss - lib\pages\card_stack.dart:1972:49 - deprecated_member_use
   info - 'withOpacity' is deprecated and shouldn't be used. Use .withValues() to avoid precision loss - lib\pages\card_stack.dart:1973:38 - deprecated_member_use
   info - 'withOpacity' is deprecated and shouldn't be used. Use .withValues() to avoid precision loss - lib\pages\card_stack.dart:1995:32 - deprecated_member_use
   info - 'withOpacity' is deprecated and shouldn't be used. Use .withValues() to avoid precision loss - lib\pages\card_stack.dart:1998:34 - deprecated_member_use
   info - 'withOpacity' is deprecated and shouldn't be used. Use .withValues() to avoid precision loss - lib\pages\card_stack.dart:2004:36 - deprecated_member_use
   info - 'withOpacity' is deprecated and shouldn't be used. Use .withValues() to avoid precision loss - lib\pages\card_stack.dart:2012:47 - deprecated_member_use
   info - 'withOpacity' is deprecated and shouldn't be used. Use .withValues() to avoid precision loss - lib\pages\chat_page.dart:193:37 - deprecated_member_use
   info - 'withOpacity' is deprecated and shouldn't be used. Use .withValues() to avoid precision loss - lib\pages\chat_page.dart:210:40 - deprecated_member_use
   info - 'withOpacity' is deprecated and shouldn't be used. Use .withValues() to avoid precision loss - lib\pages\chat_page.dart:211:39 - deprecated_member_use
   info - 'withOpacity' is deprecated and shouldn't be used. Use .withValues() to avoid precision loss - lib\pages\chat_page.dart:224:60 - deprecated_member_use
   info - 'withOpacity' is deprecated and shouldn't be used. Use .withValues() to avoid precision loss - lib\pages\chat_page.dart:316:48 - deprecated_member_use
   info - 'withOpacity' is deprecated and shouldn't be used. Use .withValues() to avoid precision loss - lib\pages\chat_page.dart:383:42 - deprecated_member_use
warning - Unused import: 'dart:math' - lib\pages\home_page.dart:3:8 - unused_import
warning - Unused import: '../pages/match_dock_popup.dart' - lib\pages\home_page.dart:13:8 - unused_import
warning - Unused import: '../pages/match_service.dart' - lib\pages\home_page.dart:14:8 - unused_import
warning - The operand can't be 'null', so the condition is always 'false' - lib\pages\home_page.dart:117:17 - unnecessary_null_comparison
warning - Dead code - lib\pages\home_page.dart:117:26 - dead_code
   info - 'withOpacity' is deprecated and shouldn't be used. Use .withValues() to avoid precision loss - lib\pages\home_page.dart:183:28 - deprecated_member_use
   info - 'withOpacity' is deprecated and shouldn't be used. Use .withValues() to avoid precision loss - lib\pages\home_page.dart:184:28 - deprecated_member_use
   info - 'withOpacity' is deprecated and shouldn't be used. Use .withValues() to avoid precision loss - lib\pages\home_page.dart:250:32 - deprecated_member_use
   info - 'withOpacity' is deprecated and shouldn't be used. Use .withValues() to avoid precision loss - lib\pages\home_page.dart:267:37 - deprecated_member_use
   info - 'withOpacity' is deprecated and shouldn't be used. Use .withValues() to avoid precision loss - lib\pages\home_page.dart:403:33 - deprecated_member_use
   info - 'withOpacity' is deprecated and shouldn't be used. Use .withValues() to avoid precision loss - lib\pages\home_page.dart:406:40 - deprecated_member_use
   info - 'withOpacity' is deprecated and shouldn't be used. Use .withValues() to avoid precision loss - lib\pages\home_page.dart:461:45 - deprecated_member_use
   info - Angle brackets will be interpreted as HTML - lib\pages\match_dock_popup.dart:28:33 - unintended_html_in_doc_comment
   info - 'groupValue' is deprecated and shouldn't be used. Use a RadioGroup ancestor to manage group value instead. This feature was deprecated after v3.32.0-0.0.pre - lib\pages\match_dock_popup.dart:225:21 - deprecated_member_use
   info - 'onChanged' is deprecated and shouldn't be used. Use RadioGroup to handle value change instead. This feature was deprecated after v3.32.0-0.0.pre - lib\pages\match_dock_popup.dart:226:21 - deprecated_member_use
   info - 'groupValue' is deprecated and shouldn't be used. Use a RadioGroup ancestor to manage group value instead. This feature was deprecated after v3.32.0-0.0.pre - lib\pages\match_dock_popup.dart:232:21 - deprecated_member_use
   info - 'onChanged' is deprecated and shouldn't be used. Use RadioGroup to handle value change instead. This feature was deprecated after v3.32.0-0.0.pre - lib\pages\match_dock_popup.dart:233:21 - deprecated_member_use
   info - 'groupValue' is deprecated and shouldn't be used. Use a RadioGroup ancestor to manage group value instead. This feature was deprecated after v3.32.0-0.0.pre - lib\pages\match_dock_popup.dart:239:21 - deprecated_member_use
   info - 'onChanged' is deprecated and shouldn't be used. Use RadioGroup to handle value change instead. This feature was deprecated after v3.32.0-0.0.pre - lib\pages\match_dock_popup.dart:240:21 - deprecated_member_use
   info - 'withOpacity' is deprecated and shouldn't be used. Use .withValues() to avoid precision loss - lib\pages\match_dock_popup.dart:309:43 - deprecated_member_use
   info - 'withOpacity' is deprecated and shouldn't be used. Use .withValues() to avoid precision loss - lib\pages\match_dock_popup.dart:400:30 - deprecated_member_use
   info - 'withOpacity' is deprecated and shouldn't be used. Use .withValues() to avoid precision loss - lib\pages\match_dock_popup.dart:500:43 - deprecated_member_use
   info - 'withOpacity' is deprecated and shouldn't be used. Use .withValues() to avoid precision loss - lib\pages\match_dock_popup.dart:501:49 - deprecated_member_use
   info - 'withOpacity' is deprecated and shouldn't be used. Use .withValues() to avoid precision loss - lib\pages\match_dock_popup.dart:506:48 - deprecated_member_use
   info - 'withOpacity' is deprecated and shouldn't be used. Use .withValues() to avoid precision loss - lib\pages\match_dock_popup.dart:526:52 - deprecated_member_use
   info - 'translate' is deprecated and shouldn't be used. Use translateByVector3, translateByVector4, or translateByDouble instead - lib\pages\match_dock_popup.dart:656:15 - deprecated_member_use
   info - 'withOpacity' is deprecated and shouldn't be used. Use .withValues() to avoid precision loss - lib\pages\match_dock_popup.dart:669:45 - deprecated_member_use
   info - 'withOpacity' is deprecated and shouldn't be used. Use .withValues() to avoid precision loss - lib\pages\match_dock_popup.dart:670:45 - deprecated_member_use
   info - 'withOpacity' is deprecated and shouldn't be used. Use .withValues() to avoid precision loss - lib\pages\match_dock_popup.dart:674:45 - deprecated_member_use
   info - 'withOpacity' is deprecated and shouldn't be used. Use .withValues() to avoid precision loss - lib\pages\match_dock_popup.dart:680:45 - deprecated_member_use
   info - 'withOpacity' is deprecated and shouldn't be used. Use .withValues() to avoid precision loss - lib\pages\match_dock_popup.dart:687:52 - deprecated_member_use
   info - 'withOpacity' is deprecated and shouldn't be used. Use .withValues() to avoid precision loss - lib\pages\match_dock_popup.dart:692:45 - deprecated_member_use
   info - 'withOpacity' is deprecated and shouldn't be used. Use .withValues() to avoid precision loss - lib\pages\match_dock_popup.dart:698:37 - deprecated_member_use
   info - 'withOpacity' is deprecated and shouldn't be used. Use .withValues() to avoid precision loss - lib\pages\match_dock_popup.dart:748:51 - deprecated_member_use
   info - 'withOpacity' is deprecated and shouldn't be used. Use .withValues() to avoid precision loss - lib\pages\match_dock_popup.dart:771:45 - deprecated_member_use
   info - 'withOpacity' is deprecated and shouldn't be used. Use .withValues() to avoid precision loss - lib\pages\match_page.dart:171:30 - deprecated_member_use
   info - 'withOpacity' is deprecated and shouldn't be used. Use .withValues() to avoid precision loss - lib\pages\match_popup.dart:83:43 - deprecated_member_use
warning - The value of the local variable 'otherSnap' isn't used - lib\pages\match_service.dart:147:11 - unused_local_variable
   info - The import of 'dart:typed_data' is unnecessary because all of the used elements are also provided by the import of 'package:flutter/foundation.dart' - lib\pages\profile_setup_dialog.dart:2:8 - unnecessary_import
   info - Don't invoke 'print' in production code - lib\pages\setup_firestore.dart:12:5 - avoid_print
   info - Don't invoke 'print' in production code - lib\pages\setup_firestore.dart:56:5 - avoid_print
   info - Don't invoke 'print' in production code - lib\pages\setup_firestore.dart:188:5 - avoid_print
warning - Unused import: 'package:swipify/auth/login_page.dart' - lib\pages\splash.dart:6:8 - unused_import
warning - The value of the field '_pulseScale' isn't used - lib\pages\splash.dart:20:26 - unused_field
warning - The value of the field '_pulseOpacity' isn't used - lib\pages\splash.dart:21:26 - unused_field
   info - 'withOpacity' is deprecated and shouldn't be used. Use .withValues() to avoid precision loss - lib\pages\splash.dart:201:29 - deprecated_member_use
   info - 'withOpacity' is deprecated and shouldn't be used. Use .withValues() to avoid precision loss - lib\pages\splash.dart:202:27 - deprecated_member_use
   info - 'withOpacity' is deprecated and shouldn't be used. Use .withValues() to avoid precision loss - lib\pages\splash.dart:203:28 - deprecated_member_use
   info - 'withOpacity' is deprecated and shouldn't be used. Use .withValues() to avoid precision loss - lib\pages\splash.dart:204:30 - deprecated_member_use
   info - 'withOpacity' is deprecated and shouldn't be used. Use .withValues() to avoid precision loss - lib\pages\splash.dart:208:27 - deprecated_member_use
   info - 'withOpacity' is deprecated and shouldn't be used. Use .withValues() to avoid precision loss - lib\pages\splash.dart:209:28 - deprecated_member_use
   info - 'withOpacity' is deprecated and shouldn't be used. Use .withValues() to avoid precision loss - lib\pages\splash.dart:210:30 - deprecated_member_use
   info - 'withOpacity' is deprecated and shouldn't be used. Use .withValues() to avoid precision loss - lib\pages\splash.dart:211:29 - deprecated_member_use
   info - 'withOpacity' is deprecated and shouldn't be used. Use .withValues() to avoid precision loss - lib\pages\splash.dart:215:28 - deprecated_member_use
   info - 'withOpacity' is deprecated and shouldn't be used. Use .withValues() to avoid precision loss - lib\pages\splash.dart:216:30 - deprecated_member_use
   info - 'withOpacity' is deprecated and shouldn't be used. Use .withValues() to avoid precision loss - lib\pages\splash.dart:217:29 - deprecated_member_use
   info - 'withOpacity' is deprecated and shouldn't be used. Use .withValues() to avoid precision loss - lib\pages\splash.dart:218:27 - deprecated_member_use
   info - 'withOpacity' is deprecated and shouldn't be used. Use .withValues() to avoid precision loss - lib\pages\splash.dart:222:30 - deprecated_member_use
   info - 'withOpacity' is deprecated and shouldn't be used. Use .withValues() to avoid precision loss - lib\pages\splash.dart:223:29 - deprecated_member_use
   info - 'withOpacity' is deprecated and shouldn't be used. Use .withValues() to avoid precision loss - lib\pages\splash.dart:224:27 - deprecated_member_use
   info - 'withOpacity' is deprecated and shouldn't be used. Use .withValues() to avoid precision loss - lib\pages\splash.dart:225:28 - deprecated_member_use
   info - 'withOpacity' is deprecated and shouldn't be used. Use .withValues() to avoid precision loss - lib\pages\splash.dart:242:37 - deprecated_member_use
   info - 'withOpacity' is deprecated and shouldn't be used. Use .withValues() to avoid precision loss - lib\pages\splash.dart:251:39 - deprecated_member_use
   info - The import of 'dart:ui' is unnecessary because all of the used elements are also provided by the import of 'package:flutter/material.dart' - lib\pages\wav_page.dart:2:8 - unnecessary_import
warning - The declaration '_blue' isn't referenced - lib\pages\wav_page.dart:15:7 - unused_element
   info - 'withOpacity' is deprecated and shouldn't be used. Use .withValues() to avoid precision loss - lib\pages\wav_page.dart:128:29 - deprecated_member_use
   info - 'withOpacity' is deprecated and shouldn't be used. Use .withValues() to avoid precision loss - lib\pages\wav_page.dart:130:41 - deprecated_member_use
   info - 'withOpacity' is deprecated and shouldn't be used. Use .withValues() to avoid precision loss - lib\pages\wav_page.dart:143:28 - deprecated_member_use
   info - 'withOpacity' is deprecated and shouldn't be used. Use .withValues() to avoid precision loss - lib\pages\wav_page.dart:164:30 - deprecated_member_use
   info - 'withOpacity' is deprecated and shouldn't be used. Use .withValues() to avoid precision loss - lib\pages\wav_page.dart:165:23 - deprecated_member_use
   info - 'withOpacity' is deprecated and shouldn't be used. Use .withValues() to avoid precision loss - lib\pages\wav_page.dart:169:25 - deprecated_member_use
   info - 'withOpacity' is deprecated and shouldn't be used. Use .withValues() to avoid precision loss - lib\pages\wav_page.dart:170:25 - deprecated_member_use
   info - 'withOpacity' is deprecated and shouldn't be used. Use .withValues() to avoid precision loss - lib\pages\wav_page.dart:187:49 - deprecated_member_use
   info - 'withOpacity' is deprecated and shouldn't be used. Use .withValues() to avoid precision loss - lib\pages\wav_page.dart:210:57 - deprecated_member_use
   info - 'withOpacity' is deprecated and shouldn't be used. Use .withValues() to avoid precision loss - lib\pages\wav_page.dart:246:33 - deprecated_member_use
   info - 'withOpacity' is deprecated and shouldn't be used. Use .withValues() to avoid precision loss - lib\pages\wav_page.dart:247:47 - deprecated_member_use
   info - 'withOpacity' is deprecated and shouldn't be used. Use .withValues() to avoid precision loss - lib\pages\wav_page.dart:251:28 - deprecated_member_use
   info - 'withOpacity' is deprecated and shouldn't be used. Use .withValues() to avoid precision loss - lib\pages\wav_page.dart:287:28 - deprecated_member_use
   info - 'withOpacity' is deprecated and shouldn't be used. Use .withValues() to avoid precision loss - lib\pages\wav_page.dart:306:28 - deprecated_member_use
   info - 'withOpacity' is deprecated and shouldn't be used. Use .withValues() to avoid precision loss - lib\pages\wav_page.dart:327:28 - deprecated_member_use
   info - 'withOpacity' is deprecated and shouldn't be used. Use .withValues() to avoid precision loss - lib\pages\wav_page.dart:334:27 - deprecated_member_use
   info - 'withOpacity' is deprecated and shouldn't be used. Use .withValues() to avoid precision loss - lib\pages\wav_page.dart:336:46 - deprecated_member_use
   info - 'withOpacity' is deprecated and shouldn't be used. Use .withValues() to avoid precision loss - lib\pages\wav_page.dart:343:61 - deprecated_member_use
   info - 'withOpacity' is deprecated and shouldn't be used. Use .withValues() to avoid precision loss - lib\pages\wav_page.dart:355:37 - deprecated_member_use
warning - The declaration 'divider' isn't referenced - lib\pages\wav_page.dart:368:12 - unused_element
   info - 'withOpacity' is deprecated and shouldn't be used. Use .withValues() to avoid precision loss - lib\pages\wav_page.dart:370:20 - deprecated_member_use
   info - 'withOpacity' is deprecated and shouldn't be used. Use .withValues() to avoid precision loss - lib\pages\wav_page.dart:398:67 - deprecated_member_use
   info - 'withOpacity' is deprecated and shouldn't be used. Use .withValues() to avoid precision loss - lib\pages\wav_page.dart:409:67 - deprecated_member_use
   info - 'withOpacity' is deprecated and shouldn't be used. Use .withValues() to avoid precision loss - lib\pages\wav_page.dart:462:29 - deprecated_member_use
   info - 'withOpacity' is deprecated and shouldn't be used. Use .withValues() to avoid precision loss - lib\pages\wav_page.dart:464:41 - deprecated_member_use
   info - 'withOpacity' is deprecated and shouldn't be used. Use .withValues() to avoid precision loss - lib\pages\wav_page.dart:469:45 - deprecated_member_use
   info - 'withOpacity' is deprecated and shouldn't be used. Use .withValues() to avoid precision loss - lib\pages\wav_page.dart:476:28 - deprecated_member_use
   info - Statements in an if should be enclosed in a block - lib\pages\wav_page.dart:586:67 - curly_braces_in_flow_control_structures
   info - Statements in an if should be enclosed in a block - lib\pages\wav_page.dart:670:37 - curly_braces_in_flow_control_structures
   info - Statements in an if should be enclosed in a block - lib\pages\wav_page.dart:674:37 - curly_braces_in_flow_control_structures
   info - 'translate' is deprecated and shouldn't be used. Use translateByVector3, translateByVector4, or translateByDouble instead - lib\pages\wav_page.dart:729:17 - deprecated_member_use
   info - 'scale' is deprecated and shouldn't be used. Use scaleByVector3, scaleByVector4, or scaleByDouble instead - lib\pages\wav_page.dart:731:17 - deprecated_member_use
   info - The private field _processedMatches could be 'final' - lib\services\match_notification_service.dart:22:15 - prefer_final_fields

